Number of segment pairs = 0; number of pairwise comparisons = 0
'+' means given segment; '-' means reverse complement

Overlaps            Containments  No. of Constraints Supporting Overlap


DETAILED DISPLAY OF CONTIGS
